Archive member included to satisfy reference by file (symbol)

/usr/lib/gcc/arm-none-eabi/12.2.1/../../../arm-none-eabi/lib/thumb/v7e-m+fp/hard/libc_nano.a(lib_a-atexit.o)
                              /usr/lib/gcc/arm-none-eabi/12.2.1/../../../arm-none-eabi/lib/thumb/v7e-m+fp/hard/crt0.o (atexit)
/usr/lib/gcc/arm-none-eabi/12.2.1/../../../arm-none-eabi/lib/thumb/v7e-m+fp/hard/libc_nano.a(lib_a-exit.o)
                              /usr/lib/gcc/arm-none-eabi/12.2.1/../../../arm-none-eabi/lib/thumb/v7e-m+fp/hard/crt0.o (exit)
/usr/lib/gcc/arm-none-eabi/12.2.1/../../../arm-none-eabi/lib/thumb/v7e-m+fp/hard/libc_nano.a(lib_a-fini.o)
                              /usr/lib/gcc/arm-none-eabi/12.2.1/../../../arm-none-eabi/lib/thumb/v7e-m+fp/hard/crt0.o (__libc_fini_array)
/usr/lib/gcc/arm-none-eabi/12.2.1/../../../arm-none-eabi/lib/thumb/v7e-m+fp/hard/libc_nano.a(lib_a-impure.o)
                              /usr/lib/gcc/arm-none-eabi/12.2.1/../../../arm-none-eabi/lib/thumb/v7e-m+fp/hard/libc_nano.a(lib_a-exit.o) (_global_impure_ptr)
/usr/lib/gcc/arm-none-eabi/12.2.1/../../../arm-none-eabi/lib/thumb/v7e-m+fp/hard/libc_nano.a(lib_a-init.o)
                              /usr/lib/gcc/arm-none-eabi/12.2.1/../../../arm-none-eabi/lib/thumb/v7e-m+fp/hard/crt0.o (__libc_init_array)
/usr/lib/gcc/arm-none-eabi/12.2.1/../../../arm-none-eabi/lib/thumb/v7e-m+fp/hard/libc_nano.a(lib_a-memset.o)
                              /usr/lib/gcc/arm-none-eabi/12.2.1/../../../arm-none-eabi/lib/thumb/v7e-m+fp/hard/crt0.o (memset)
/usr/lib/gcc/arm-none-eabi/12.2.1/../../../arm-none-eabi/lib/thumb/v7e-m+fp/hard/libc_nano.a(lib_a-__atexit.o)
                              /usr/lib/gcc/arm-none-eabi/12.2.1/../../../arm-none-eabi/lib/thumb/v7e-m+fp/hard/libc_nano.a(lib_a-atexit.o) (__register_exitproc)
/usr/lib/gcc/arm-none-eabi/12.2.1/../../../arm-none-eabi/lib/thumb/v7e-m+fp/hard/libc_nano.a(lib_a-__call_atexit.o)
                              /usr/lib/gcc/arm-none-eabi/12.2.1/../../../arm-none-eabi/lib/thumb/v7e-m+fp/hard/libc_nano.a(lib_a-__atexit.o) (__call_exitprocs)
/usr/lib/gcc/arm-none-eabi/12.2.1/thumb/v7e-m+fp/hard/libgcc.a(_aeabi_uldivmod.o)
                              CMakeFiles/port.dir/Drivers/STM32L4xx_HAL_Driver/Src/stm32l4xx_hal_uart.c.obj (__aeabi_uldivmod)
/usr/lib/gcc/arm-none-eabi/12.2.1/thumb/v7e-m+fp/hard/libgcc.a(_udivmoddi4.o)
                              /usr/lib/gcc/arm-none-eabi/12.2.1/thumb/v7e-m+fp/hard/libgcc.a(_aeabi_uldivmod.o) (__udivmoddi4)
/usr/lib/gcc/arm-none-eabi/12.2.1/thumb/v7e-m+fp/hard/libgcc.a(_dvmd_tls.o)
                              /usr/lib/gcc/arm-none-eabi/12.2.1/thumb/v7e-m+fp/hard/libgcc.a(_aeabi_uldivmod.o) (__aeabi_ldiv0)
/usr/lib/gcc/arm-none-eabi/12.2.1/../../../arm-none-eabi/lib/thumb/v7e-m+fp/hard/libg_nano.a(lib_a-errno.o)
                              CMakeFiles/port.dir/Core/Src/sysmem.c.obj (__errno)

Discarded input sections

 .text          0x00000000        0x0 /usr/lib/gcc/arm-none-eabi/12.2.1/thumb/v7e-m+fp/hard/crti.o
 .data          0x00000000        0x0 /usr/lib/gcc/arm-none-eabi/12.2.1/thumb/v7e-m+fp/hard/crti.o
 .bss           0x00000000        0x0 /usr/lib/gcc/arm-none-eabi/12.2.1/thumb/v7e-m+fp/hard/crti.o
 .data          0x00000000        0x4 /usr/lib/gcc/arm-none-eabi/12.2.1/thumb/v7e-m+fp/hard/crtbegin.o
 .rodata        0x00000000       0x24 /usr/lib/gcc/arm-none-eabi/12.2.1/thumb/v7e-m+fp/hard/crtbegin.o
 .text          0x00000000       0x70 /usr/lib/gcc/arm-none-eabi/12.2.1/../../../arm-none-eabi/lib/thumb/v7e-m+fp/hard/crt0.o
 .data          0x00000000        0x0 /usr/lib/gcc/arm-none-eabi/12.2.1/../../../arm-none-eabi/lib/thumb/v7e-m+fp/hard/crt0.o
 .bss           0x00000000        0x0 /usr/lib/gcc/arm-none-eabi/12.2.1/../../../arm-none-eabi/lib/thumb/v7e-m+fp/hard/crt0.o
 .ARM.extab     0x00000000        0x0 /usr/lib/gcc/arm-none-eabi/12.2.1/../../../arm-none-eabi/lib/thumb/v7e-m+fp/hard/crt0.o
 .ARM.exidx     0x00000000       0x10 /usr/lib/gcc/arm-none-eabi/12.2.1/../../../arm-none-eabi/lib/thumb/v7e-m+fp/hard/crt0.o
 .debug_line    0x00000000       0x87 /usr/lib/gcc/arm-none-eabi/12.2.1/../../../arm-none-eabi/lib/thumb/v7e-m+fp/hard/crt0.o
 .debug_info    0x00000000       0x26 /usr/lib/gcc/arm-none-eabi/12.2.1/../../../arm-none-eabi/lib/thumb/v7e-m+fp/hard/crt0.o
 .debug_abbrev  0x00000000       0x14 /usr/lib/gcc/arm-none-eabi/12.2.1/../../../arm-none-eabi/lib/thumb/v7e-m+fp/hard/crt0.o
 .debug_aranges
                0x00000000       0x20 /usr/lib/gcc/arm-none-eabi/12.2.1/../../../arm-none-eabi/lib/thumb/v7e-m+fp/hard/crt0.o
 .debug_str     0x00000000       0x98 /usr/lib/gcc/arm-none-eabi/12.2.1/../../../arm-none-eabi/lib/thumb/v7e-m+fp/hard/crt0.o
 .ARM.attributes
                0x00000000       0x1c /usr/lib/gcc/arm-none-eabi/12.2.1/../../../arm-none-eabi/lib/thumb/v7e-m+fp/hard/crt0.o
 .text          0x00000000        0xc /usr/lib/gcc/arm-none-eabi/12.2.1/../../../arm-none-eabi/lib/thumb/v7e-m+fp/hard/libc_nano.a(lib_a-atexit.o)
[...]
Memory Configuration

Name             Origin             Length             Attributes
RAM              0x20000000         0x0000a000         xrw
RAM2             0x10000000         0x00002000         xrw
FLASH            0x08000000         0x00010000         xr
*default*        0x00000000         0xffffffff

Linker script and memory map

LOAD /usr/lib/gcc/arm-none-eabi/12.2.1/thumb/v7e-m+fp/hard/crti.o
LOAD /usr/lib/gcc/arm-none-eabi/12.2.1/thumb/v7e-m+fp/hard/crtbegin.o
LOAD /usr/lib/gcc/arm-none-eabi/12.2.1/../../../arm-none-eabi/lib/thumb/v7e-m+fp/hard/crt0.o
START GROUP
LOAD /usr/lib/gcc/arm-none-eabi/12.2.1/../../../arm-none-eabi/lib/thumb/v7e-m+fp/hard/libc_nano.a
LOAD /usr/lib/gcc/arm-none-eabi/12.2.1/../../../arm-none-eabi/lib/thumb/v7e-m+fp/hard/libm.a
END GROUP
LOAD CMakeFiles/port.dir/Core/Src/main.c.obj
LOAD CMakeFiles/port.dir/Core/Src/stm32l4xx_it.c.obj
LOAD CMakeFiles/port.dir/Core/Src/stm32l4xx_hal_msp.c.obj
LOAD CMakeFiles/port.dir/Drivers/STM32L4xx_HAL_Driver/Src/stm32l4xx_hal_tim.c.obj
LOAD CMakeFiles/port.dir/Drivers/STM32L4xx_HAL_Driver/Src/stm32l4xx_hal_tim_ex.c.obj
LOAD CMakeFiles/port.dir/Drivers/STM32L4xx_HAL_Driver/Src/stm32l4xx_hal_uart.c.obj
LOAD CMakeFiles/port.dir/Drivers/STM32L4xx_HAL_Driver/Src/stm32l4xx_hal_uart_ex.c.obj
LOAD CMakeFiles/port.dir/Drivers/STM32L4xx_HAL_Driver/Src/stm32l4xx_hal.c.obj
LOAD CMakeFiles/port.dir/Drivers/STM32L4xx_HAL_Driver/Src/stm32l4xx_hal_rcc.c.obj
LOAD CMakeFiles/port.dir/Drivers/STM32L4xx_HAL_Driver/Src/stm32l4xx_hal_rcc_ex.c.obj
LOAD CMakeFiles/port.dir/Drivers/STM32L4xx_HAL_Driver/Src/stm32l4xx_hal_flash.c.obj
LOAD CMakeFiles/port.dir/Drivers/STM32L4xx_HAL_Driver/Src/stm32l4xx_hal_flash_ex.c.obj
LOAD CMakeFiles/port.dir/Drivers/STM32L4xx_HAL_Driver/Src/stm32l4xx_hal_flash_ramfunc.c.obj
LOAD CMakeFiles/port.dir/Drivers/STM32L4xx_HAL_Driver/Src/stm32l4xx_hal_gpio.c.obj
LOAD CMakeFiles/port.dir/Drivers/STM32L4xx_HAL_Driver/Src/stm32l4xx_hal_i2c.c.obj
LOAD CMakeFiles/port.dir/Drivers/STM32L4xx_HAL_Driver/Src/stm32l4xx_hal_i2c_ex.c.obj
LOAD CMakeFiles/port.dir/Drivers/STM32L4xx_HAL_Driver/Src/stm32l4xx_hal_dma.c.obj
LOAD CMakeFiles/port.dir/Drivers/STM32L4xx_HAL_Driver/Src/stm32l4xx_hal_dma_ex.c.obj
LOAD CMakeFiles/port.dir/Drivers/STM32L4xx_HAL_Driver/Src/stm32l4xx_hal_pwr.c.obj
LOAD CMakeFiles/port.dir/Drivers/STM32L4xx_HAL_Driver/Src/stm32l4xx_hal_pwr_ex.c.obj
LOAD CMakeFiles/port.dir/Drivers/STM32L4xx_HAL_Driver/Src/stm32l4xx_hal_cortex.c.obj
LOAD CMakeFiles/port.dir/Drivers/STM32L4xx_HAL_Driver/Src/stm32l4xx_hal_exti.c.obj
LOAD CMakeFiles/port.dir/Core/Src/system_stm32l4xx.c.obj
LOAD CMakeFiles/port.dir/Core/Src/sysmem.c.obj
LOAD CMakeFiles/port.dir/Core/Src/syscalls.c.obj
LOAD CMakeFiles/port.dir/startup_stm32l412xx.s.obj
START GROUP
LOAD /usr/lib/gcc/arm-none-eabi/12.2.1/thumb/v7e-m+fp/hard/libgcc.a
LOAD /usr/lib/gcc/arm-none-eabi/12.2.1/../../../arm-none-eabi/lib/thumb/v7e-m+fp/hard/libg_nano.a
LOAD /usr/lib/gcc/arm-none-eabi/12.2.1/../../../arm-none-eabi/lib/thumb/v7e-m+fp/hard/libc_nano.a
END GROUP
START GROUP
LOAD /usr/lib/gcc/arm-none-eabi/12.2.1/thumb/v7e-m+fp/hard/libgcc.a
LOAD /usr/lib/gcc/arm-none-eabi/12.2.1/../../../arm-none-eabi/lib/thumb/v7e-m+fp/hard/libc_nano.a
END GROUP
LOAD /usr/lib/gcc/arm-none-eabi/12.2.1/thumb/v7e-m+fp/hard/crtend.o
LOAD /usr/lib/gcc/arm-none-eabi/12.2.1/thumb/v7e-m+fp/hard/crtn.o
                0x2000a000                        _estack = (ORIGIN (RAM) + LENGTH (RAM))
                0x00000200                        _Min_Heap_Size = 0x200
                0x00000400                        _Min_Stack_Size = 0x400

.isr_vector     0x08000000      0x190
                0x08000000                        . = ALIGN (0x8)
 *(.isr_vector)
 .isr_vector    0x08000000      0x18c CMakeFiles/port.dir/startup_stm32l412xx.s.obj
                0x08000000                g_pfnVectors
                0x08000190                        . = ALIGN (0x8)
 *fill*         0x0800018c        0x4 

.text           0x08000190     0x28b8
                0x08000190                        . = ALIGN (0x8)
 *(.text)
 .text          0x08000190       0x88 /usr/lib/gcc/arm-none-eabi/12.2.1/thumb/v7e-m+fp/hard/crtbegin.o
 .text          0x08000218       0x48 /usr/lib/gcc/arm-none-eabi/12.2.1/../../../arm-none-eabi/lib/thumb/v7e-m+fp/hard/libc_nano.a(lib_a-init.o)
                0x08000218                __libc_init_array
 .text          0x08000260       0xa4 /usr/lib/gcc/arm-none-eabi/12.2.1/../../../arm-none-eabi/lib/thumb/v7e-m+fp/hard/libc_nano.a(lib_a-memset.o)
                0x08000260                memset
 .text          0x08000304       0x30 /usr/lib/gcc/arm-none-eabi/12.2.1/thumb/v7e-m+fp/hard/libgcc.a(_aeabi_uldivmod.o)
                0x08000304                __aeabi_uldivmod
 .text          0x08000334      0x2bc /usr/lib/gcc/arm-none-eabi/12.2.1/thumb/v7e-m+fp/hard/libgcc.a(_udivmoddi4.o)
                0x08000334                __udivmoddi4
 .text          0x080005f0        0x4 /usr/lib/gcc/arm-none-eabi/12.2.1/thumb/v7e-m+fp/hard/libgcc.a(_dvmd_tls.o)
                0x080005f0                __aeabi_ldiv0
                0x080005f0                __aeabi_idiv0
 *(.text*)
 .text.main     0x080005f4       0x2c CMakeFiles/port.dir/Core/Src/main.c.obj
                0x080005f4                main
 .text.SystemClock_Config
                0x08000620       0x8c CMakeFiles/port.dir/Core/Src/main.c.obj
                0x08000620                SystemClock_Config
 .text.MX_USART2_UART_Init
                0x080006ac       0x60 CMakeFiles/port.dir/Core/Src/main.c.obj
 .text.MX_GPIO_Init
                0x0800070c       0x30 CMakeFiles/port.dir/Core/Src/main.c.obj
 .text.Error_Handler
                0x0800073c        0xc CMakeFiles/port.dir/Core/Src/main.c.obj
                0x0800073c                Error_Handler
 .text.NMI_Handler
                0x08000748        0x8 CMakeFiles/port.dir/Core/Src/stm32l4xx_it.c.obj
                0x08000748                NMI_Handler
 .text.HardFault_Handler
                0x08000750        0x8 CMakeFiles/port.dir/Core/Src/stm32l4xx_it.c.obj
                0x08000750                HardFault_Handler
 .text.MemManage_Handler
                0x08000758        0x8 CMakeFiles/port.dir/Core/Src/stm32l4xx_it.c.obj
                0x08000758                MemManage_Handler
 .text.BusFault_Handler
                0x08000760        0x8 CMakeFiles/port.dir/Core/Src/stm32l4xx_it.c.obj
                0x08000760                BusFault_Handler
 .text.UsageFault_Handler
                0x08000768        0x8 CMakeFiles/port.dir/Core/Src/stm32l4xx_it.c.obj
                0x08000768                UsageFault_Handler
 .text.SVC_Handler
                0x08000770        0xe CMakeFiles/port.dir/Core/Src/stm32l4xx_it.c.obj
                0x08000770                SVC_Handler
 .text.DebugMon_Handler
                0x0800077e        0xe CMakeFiles/port.dir/Core/Src/stm32l4xx_it.c.obj
                0x0800077e                DebugMon_Handler
 .text.PendSV_Handler
                0x0800078c        0xe CMakeFiles/port.dir/Core/Src/stm32l4xx_it.c.obj
                0x0800078c                PendSV_Handler
 .text.SysTick_Handler
                0x0800079a        0xc CMakeFiles/port.dir/Core/Src/stm32l4xx_it.c.obj
                0x0800079a                SysTick_Handler
 *fill*         0x080007a6        0x2 
 .text.HAL_MspInit
                0x080007a8       0x48 CMakeFiles/port.dir/Core/Src/stm32l4xx_hal_msp.c.obj
                0x080007a8                HAL_MspInit
 .text.HAL_UART_MspInit
                0x080007f0       0xb0 CMakeFiles/port.dir/Core/Src/stm32l4xx_hal_msp.c.obj
                0x080007f0                HAL_UART_MspInit
 .text.HAL_UART_Init
                0x080008a0       0x9c CMakeFiles/port.dir/Drivers/STM32L4xx_HAL_Driver/Src/stm32l4xx_hal_uart.c.obj
                0x080008a0                HAL_UART_Init
 .text.HAL_UART_Transmit
                0x0800093c      0x112 CMakeFiles/port.dir/Drivers/STM32L4xx_HAL_Driver/Src/stm32l4xx_hal_uart.c.obj
                0x0800093c                HAL_UART_Transmit
 *fill*         0x08000a4e        0x2 
 .text.UART_SetConfig
                0x08000a50      0x4b4 CMakeFiles/port.dir/Drivers/STM32L4xx_HAL_Driver/Src/stm32l4xx_hal_uart.c.obj
                0x08000a50                UART_SetConfig
 .text.UART_AdvFeatureConfig
                0x08000f04      0x144 CMakeFiles/port.dir/Drivers/STM32L4xx_HAL_Driver/Src/stm32l4xx_hal_uart.c.obj
                0x08000f04                UART_AdvFeatureConfig
 .text.UART_CheckIdleState
                0x08001048      0x150 CMakeFiles/port.dir/Drivers/STM32L4xx_HAL_Driver/Src/stm32l4xx_hal_uart.c.obj
                0x08001048                UART_CheckIdleState
 .text.UART_WaitOnFlagUntilTimeout
                0x08001198       0xda CMakeFiles/port.dir/Drivers/STM32L4xx_HAL_Driver/Src/stm32l4xx_hal_uart.c.obj
                0x08001198                UART_WaitOnFlagUntilTimeout
 .text.UART_EndRxTransfer
                0x08001272       0xc8 CMakeFiles/port.dir/Drivers/STM32L4xx_HAL_Driver/Src/stm32l4xx_hal_uart.c.obj
 .text.HAL_Init
                0x0800133a       0x30 CMakeFiles/port.dir/Drivers/STM32L4xx_HAL_Driver/Src/stm32l4xx_hal.c.obj
                0x0800133a                HAL_Init
 *fill*         0x0800136a        0x2 
 .text.HAL_InitTick
                0x0800136c       0x78 CMakeFiles/port.dir/Drivers/STM32L4xx_HAL_Driver/Src/stm32l4xx_hal.c.obj
                0x0800136c                HAL_InitTick
 .text.HAL_IncTick
                0x080013e4       0x28 CMakeFiles/port.dir/Drivers/STM32L4xx_HAL_Driver/Src/stm32l4xx_hal.c.obj
                0x080013e4                HAL_IncTick
 .text.HAL_GetTick
                0x0800140c       0x18 CMakeFiles/port.dir/Drivers/STM32L4xx_HAL_Driver/Src/stm32l4xx_hal.c.obj
                0x0800140c                HAL_GetTick
 .text.HAL_RCC_OscConfig
                0x08001424      0x8c4 CMakeFiles/port.dir/Drivers/STM32L4xx_HAL_Driver/Src/stm32l4xx_hal_rcc.c.obj
                0x08001424                HAL_RCC_OscConfig
 .text.HAL_RCC_ClockConfig
                0x08001ce8      0x200 CMakeFiles/port.dir/Drivers/STM32L4xx_HAL_Driver/Src/stm32l4xx_hal_rcc.c.obj
                0x08001ce8                HAL_RCC_ClockConfig
 .text.HAL_RCC_GetSysClockFreq
                0x08001ee8      0x118 CMakeFiles/port.dir/Drivers/STM32L4xx_HAL_Driver/Src/stm32l4xx_hal_rcc.c.obj
                0x08001ee8                HAL_RCC_GetSysClockFreq
 .text.HAL_RCC_GetHCLKFreq
                0x08002000       0x18 CMakeFiles/port.dir/Drivers/STM32L4xx_HAL_Driver/Src/stm32l4xx_hal_rcc.c.obj
                0x08002000                HAL_RCC_GetHCLKFreq
 .text.HAL_RCC_GetPCLK1Freq
                0x08002018       0x2c CMakeFiles/port.dir/Drivers/STM32L4xx_HAL_Driver/Src/stm32l4xx_hal_rcc.c.obj
                0x08002018                HAL_RCC_GetPCLK1Freq
 .text.HAL_RCC_GetPCLK2Freq
                0x08002044       0x2c CMakeFiles/port.dir/Drivers/STM32L4xx_HAL_Driver/Src/stm32l4xx_hal_rcc.c.obj
                0x08002044                HAL_RCC_GetPCLK2Freq
 .text.RCC_SetFlashLatencyFromMSIRange
                0x08002070       0xc0 CMakeFiles/port.dir/Drivers/STM32L4xx_HAL_Driver/Src/stm32l4xx_hal_rcc.c.obj
 .text.HAL_RCCEx_PeriphCLKConfig
                0x08002130      0x30c CMakeFiles/port.dir/Drivers/STM32L4xx_HAL_Driver/Src/stm32l4xx_hal_rcc_ex.c.obj
                0x08002130                HAL_RCCEx_PeriphCLKConfig
 .text.HAL_GPIO_Init
                0x0800243c      0x2e4 CMakeFiles/port.dir/Drivers/STM32L4xx_HAL_Driver/Src/stm32l4xx_hal_gpio.c.obj
                0x0800243c                HAL_GPIO_Init
 .text.HAL_PWREx_GetVoltageRange
                0x08002720       0x1c CMakeFiles/port.dir/Drivers/STM32L4xx_HAL_Driver/Src/stm32l4xx_hal_pwr_ex.c.obj
                0x08002720                HAL_PWREx_GetVoltageRange
 .text.HAL_PWREx_ControlVoltageScaling
                0x0800273c       0xac CMakeFiles/port.dir/Drivers/STM32L4xx_HAL_Driver/Src/stm32l4xx_hal_pwr_ex.c.obj
                0x0800273c                HAL_PWREx_ControlVoltageScaling
 .text.__NVIC_SetPriorityGrouping
                0x080027e8       0x48 CMakeFiles/port.dir/Drivers/STM32L4xx_HAL_Driver/Src/stm32l4xx_hal_cortex.c.obj
 .text.__NVIC_GetPriorityGrouping
                0x08002830       0x1c CMakeFiles/port.dir/Drivers/STM32L4xx_HAL_Driver/Src/stm32l4xx_hal_cortex.c.obj
 .text.__NVIC_SetPriority
                0x0800284c       0x54 CMakeFiles/port.dir/Drivers/STM32L4xx_HAL_Driver/Src/stm32l4xx_hal_cortex.c.obj
 .text.NVIC_EncodePriority
                0x080028a0       0x66 CMakeFiles/port.dir/Drivers/STM32L4xx_HAL_Driver/Src/stm32l4xx_hal_cortex.c.obj
 *fill*         0x08002906        0x2 
 .text.SysTick_Config
                0x08002908       0x44 CMakeFiles/port.dir/Drivers/STM32L4xx_HAL_Driver/Src/stm32l4xx_hal_cortex.c.obj
 .text.HAL_NVIC_SetPriorityGrouping
                0x0800294c       0x16 CMakeFiles/port.dir/Drivers/STM32L4xx_HAL_Driver/Src/stm32l4xx_hal_cortex.c.obj
                0x0800294c                HAL_NVIC_SetPriorityGrouping
 .text.HAL_NVIC_SetPriority
                0x08002962       0x38 CMakeFiles/port.dir/Drivers/STM32L4xx_HAL_Driver/Src/stm32l4xx_hal_cortex.c.obj
                0x08002962                HAL_NVIC_SetPriority
 .text.HAL_SYSTICK_Config
                0x0800299a       0x18 CMakeFiles/port.dir/Drivers/STM32L4xx_HAL_Driver/Src/stm32l4xx_hal_cortex.c.obj
                0x0800299a                HAL_SYSTICK_Config
 *fill*         0x080029b2        0x2 
 .text.SystemInit
                0x080029b4       0x24 CMakeFiles/port.dir/Core/Src/system_stm32l4xx.c.obj
                0x080029b4                SystemInit
 .text.Reset_Handler
                0x080029d8       0x50 CMakeFiles/port.dir/startup_stm32l412xx.s.obj
                0x080029d8                Reset_Handler
 .text.Default_Handler
                0x08002a28        0x2 CMakeFiles/port.dir/startup_stm32l412xx.s.obj
                0x08002a28                RTC_Alarm_IRQHandler
                0x08002a28                EXTI2_IRQHandler
                0x08002a28                TIM1_CC_IRQHandler
                0x08002a28                TSC_IRQHandler
                0x08002a28                TIM6_IRQHandler
                0x08002a28                TAMP_STAMP_IRQHandler
                0x08002a28                EXTI3_IRQHandler
                0x08002a28                LPTIM2_IRQHandler
                0x08002a28                I2C3_ER_IRQHandler
                0x08002a28                EXTI0_IRQHandler
                0x08002a28                I2C2_EV_IRQHandler
                0x08002a28                FPU_IRQHandler
                0x08002a28                TIM1_UP_TIM16_IRQHandler
                0x08002a28                ADC1_2_IRQHandler
                0x08002a28                SPI1_IRQHandler
                0x08002a28                DMA2_Channel2_IRQHandler
                0x08002a28                DMA1_Channel4_IRQHandler
                0x08002a28                USART3_IRQHandler
                0x08002a28                DMA1_Channel7_IRQHandler
                0x08002a28                DMA2_Channel1_IRQHandler
                0x08002a28                QUADSPI_IRQHandler
                0x08002a28                I2C1_EV_IRQHandler
                0x08002a28                DMA1_Channel6_IRQHandler
                0x08002a28                DMA2_Channel4_IRQHandler
                0x08002a28                RCC_IRQHandler
                0x08002a28                TIM1_TRG_COM_IRQHandler
                0x08002a28                DMA1_Channel1_IRQHandler
                0x08002a28                Default_Handler
                0x08002a28                DMA2_Channel7_IRQHandler
                0x08002a28                EXTI15_10_IRQHandler
                0x08002a28                I2C3_EV_IRQHandler
                0x08002a28                USB_IRQHandler
                0x08002a28                EXTI9_5_IRQHandler
                0x08002a28                RTC_WKUP_IRQHandler
                0x08002a28                PVD_PVM_IRQHandler
                0x08002a28                SPI2_IRQHandler
                0x08002a28                DMA2_Channel5_IRQHandler
                0x08002a28                CRS_IRQHandler
                0x08002a28                DMA1_Channel5_IRQHandler
                0x08002a28                EXTI4_IRQHandler
                0x08002a28                RNG_IRQHandler
                0x08002a28                DMA1_Channel3_IRQHandler
                0x08002a28                COMP_IRQHandler
                0x08002a28                WWDG_IRQHandler
                0x08002a28                LPUART1_IRQHandler
                0x08002a28                DMA2_Channel6_IRQHandler
                0x08002a28                TIM2_IRQHandler
                0x08002a28                EXTI1_IRQHandler
                0x08002a28                USART2_IRQHandler
                0x08002a28                I2C2_ER_IRQHandler
                0x08002a28                DMA1_Channel2_IRQHandler
                0x08002a28                FLASH_IRQHandler
                0x08002a28                USART1_IRQHandler
                0x08002a28                I2C1_ER_IRQHandler
                0x08002a28                LPTIM1_IRQHandler
                0x08002a28                DMA2_Channel3_IRQHandler
                0x08002a28                TIM1_BRK_TIM15_IRQHandler
 *(.glue_7)
 .glue_7        0x08002a2a        0x0 linker stubs
 *(.glue_7t)
 .glue_7t       0x08002a2a        0x0 linker stubs
 *(.eh_frame)
 *fill*         0x08002a2a        0x2 
 .eh_frame      0x08002a2c        0x0 /usr/lib/gcc/arm-none-eabi/12.2.1/thumb/v7e-m+fp/hard/crtbegin.o
 *(.init)
 .init          0x08002a2c        0x4 /usr/lib/gcc/arm-none-eabi/12.2.1/thumb/v7e-m+fp/hard/crti.o
                0x08002a2c                _init
 .init          0x08002a30        0x8 /usr/lib/gcc/arm-none-eabi/12.2.1/thumb/v7e-m+fp/hard/crtn.o
 *(.fini)
 .fini          0x08002a38        0x4 /usr/lib/gcc/arm-none-eabi/12.2.1/thumb/v7e-m+fp/hard/crti.o
                0x08002a38                _fini
 .fini          0x08002a3c        0x8 /usr/lib/gcc/arm-none-eabi/12.2.1/thumb/v7e-m+fp/hard/crtn.o
                0x08002a48                        . = ALIGN (0x8)
 *fill*         0x08002a44        0x4 
                0x08002a48                        _etext = .

.vfp11_veneer   0x08002a48        0x0
 .vfp11_veneer  0x08002a48        0x0 linker stubs

.v4_bx          0x08002a48        0x0
 .v4_bx         0x08002a48        0x0 linker stubs

.iplt           0x08002a48        0x0
 .iplt          0x08002a48        0x0 /usr/lib/gcc/arm-none-eabi/12.2.1/thumb/v7e-m+fp/hard/crtbegin.o

.rodata         0x08002a48       0x50
                0x08002a48                        . = ALIGN (0x8)
 *(.rodata)
 .rodata        0x08002a48        0x5 CMakeFiles/port.dir/Core/Src/main.c.obj
 *(.rodata*)
 *fill*         0x08002a4d        0x3 
 .rodata.AHBPrescTable
                0x08002a50       0x10 CMakeFiles/port.dir/Core/Src/system_stm32l4xx.c.obj
                0x08002a50                AHBPrescTable
 .rodata.APBPrescTable
                0x08002a60        0x8 CMakeFiles/port.dir/Core/Src/system_stm32l4xx.c.obj
                0x08002a60                APBPrescTable
 .rodata.MSIRangeTable
                0x08002a68       0x30 CMakeFiles/port.dir/Core/Src/system_stm32l4xx.c.obj
                0x08002a68                MSIRangeTable
                0x08002a98                        . = ALIGN (0x8)

.ARM.extab      0x08002a98        0x0
                0x08002a98                        . = ALIGN (0x8)
 *(.ARM.extab* .gnu.linkonce.armextab.*)
                0x08002a98                        . = ALIGN (0x8)

.ARM            0x08002a98        0x8
                0x08002a98                        . = ALIGN (0x8)
                0x08002a98                        __exidx_start = .
 *(.ARM.exidx*)
 .ARM.exidx     0x08002a98        0x8 /usr/lib/gcc/arm-none-eabi/12.2.1/thumb/v7e-m+fp/hard/libgcc.a(_udivmoddi4.o)
                0x08002aa0                        __exidx_end = .
                0x08002aa0                        . = ALIGN (0x8)

.rel.dyn        0x08002aa0        0x0
 .rel.iplt      0x08002aa0        0x0 /usr/lib/gcc/arm-none-eabi/12.2.1/thumb/v7e-m+fp/hard/crtbegin.o

.preinit_array  0x08002aa0        0x0
                0x08002aa0                        . = ALIGN (0x8)
                0x08002aa0                        PROVIDE (__preinit_array_start = .)
 *(.preinit_array*)
                0x08002aa0                        PROVIDE (__preinit_array_end = .)
                0x08002aa0                        . = ALIGN (0x8)

.init_array     0x08002aa0        0x8
                0x08002aa0                        . = ALIGN (0x8)
                0x08002aa0                        PROVIDE (__init_array_start = .)
 *(SORT_BY_NAME(.init_array.*))
 *(.init_array*)
 .init_array    0x08002aa0        0x4 /usr/lib/gcc/arm-none-eabi/12.2.1/thumb/v7e-m+fp/hard/crtbegin.o
                0x08002aa4                        PROVIDE (__init_array_end = .)
                0x08002aa8                        . = ALIGN (0x8)
 *fill*         0x08002aa4        0x4 

.fini_array     0x08002aa8        0x8
                0x08002aa8                        . = ALIGN (0x8)
                0x08002aa8                        PROVIDE (__fini_array_start = .)
 *(SORT_BY_NAME(.fini_array.*))
 *(.fini_array*)
 .fini_array    0x08002aa8        0x4 /usr/lib/gcc/arm-none-eabi/12.2.1/thumb/v7e-m+fp/hard/crtbegin.o
                0x08002aac                        PROVIDE (__fini_array_end = .)
                0x08002ab0                        . = ALIGN (0x8)
 *fill*         0x08002aac        0x4 
                0x08002ab0                        _sidata = LOADADDR (.data)

.data           0x20000000       0x10 load address 0x08002ab0
                0x20000000                        . = ALIGN (0x8)
                0x20000000                        _sdata = .
 *(.data)
 *(.data*)
 .data.uwTickPrio
                0x20000000        0x4 CMakeFiles/port.dir/Drivers/STM32L4xx_HAL_Driver/Src/stm32l4xx_hal.c.obj
                0x20000000                uwTickPrio
 .data.uwTickFreq
                0x20000004        0x1 CMakeFiles/port.dir/Drivers/STM32L4xx_HAL_Driver/Src/stm32l4xx_hal.c.obj
                0x20000004                uwTickFreq
 *fill*         0x20000005        0x3 
 .data.SystemCoreClock
                0x20000008        0x4 CMakeFiles/port.dir/Core/Src/system_stm32l4xx.c.obj
                0x20000008                SystemCoreClock
                0x20000010                        . = ALIGN (0x8)
 *fill*         0x2000000c        0x4 
                0x20000010                        _edata = .

.tm_clone_table
                0x20000010        0x0 load address 0x08002ac0
 .tm_clone_table
                0x20000010        0x0 /usr/lib/gcc/arm-none-eabi/12.2.1/thumb/v7e-m+fp/hard/crtbegin.o
 .tm_clone_table
                0x20000010        0x0 /usr/lib/gcc/arm-none-eabi/12.2.1/thumb/v7e-m+fp/hard/crtend.o

.igot.plt       0x20000010        0x0 load address 0x08002ac0
 .igot.plt      0x20000010        0x0 /usr/lib/gcc/arm-none-eabi/12.2.1/thumb/v7e-m+fp/hard/crtbegin.o
                0x20000010                        . = ALIGN (0x4)

.bss            0x20000010       0xa8 load address 0x08002ac0
                0x20000010                        _sbss = .
                0x20000010                        __bss_start__ = _sbss
 *(.bss)
 .bss           0x20000010       0x1c /usr/lib/gcc/arm-none-eabi/12.2.1/thumb/v7e-m+fp/hard/crtbegin.o
 *(.bss*)
 .bss.huart2    0x2000002c       0x88 CMakeFiles/port.dir/Core/Src/main.c.obj
                0x2000002c                huart2
 .bss.uwTick    0x200000b4        0x4 CMakeFiles/port.dir/Drivers/STM32L4xx_HAL_Driver/Src/stm32l4xx_hal.c.obj
                0x200000b4                uwTick
 *(COMMON)
                0x200000b8                        . = ALIGN (0x4)
                0x200000b8                        _ebss = .
                0x200000b8                        __bss_end__ = _ebss

._user_heap_stack
                0x200000b8      0x600 load address 0x08002ac0
                0x200000b8                        . = ALIGN (0x8)
                [!provide]                        PROVIDE (end = .)
                0x200000b8                        PROVIDE (_end = .)
                0x200002b8                        . = (. + _Min_Heap_Size)
 *fill*         0x200000b8      0x200 
                0x200006b8                        . = (. + _Min_Stack_Size)
 *fill*         0x200002b8      0x400 
                0x200006b8                        . = ALIGN (0x8)

/DISCARD/
 libc.a(*)
 libm.a(*)
 libgcc.a(*)

.ARM.attributes
                0x00000000       0x30
 *(.ARM.attributes)
 .ARM.attributes
                0x00000000       0x22 /usr/lib/gcc/arm-none-eabi/12.2.1/thumb/v7e-m+fp/hard/crti.o
 .ARM.attributes
                0x00000022       0x34 /usr/lib/gcc/arm-none-eabi/12.2.1/thumb/v7e-m+fp/hard/crtbegin.o
 .ARM.attributes
                0x00000056       0x34 /usr/lib/gcc/arm-none-eabi/12.2.1/../../../arm-none-eabi/lib/thumb/v7e-m+fp/hard/libc_nano.a(lib_a-init.o)
 .ARM.attributes
                0x0000008a       0x34 /usr/lib/gcc/arm-none-eabi/12.2.1/../../../arm-none-eabi/lib/thumb/v7e-m+fp/hard/libc_nano.a(lib_a-memset.o)
 .ARM.attributes
                0x000000be       0x34 CMakeFiles/port.dir/Core/Src/main.c.obj
 .ARM.attributes
                0x000000f2       0x34 CMakeFiles/port.dir/Core/Src/stm32l4xx_it.c.obj
 .ARM.attributes
                0x00000126       0x34 CMakeFiles/port.dir/Core/Src/stm32l4xx_hal_msp.c.obj
 .ARM.attributes
                0x0000015a       0x34 CMakeFiles/port.dir/Drivers/STM32L4xx_HAL_Driver/Src/stm32l4xx_hal_uart.c.obj
 .ARM.attributes
                0x0000018e       0x34 CMakeFiles/port.dir/Drivers/STM32L4xx_HAL_Driver/Src/stm32l4xx_hal.c.obj
 .ARM.attributes
                0x000001c2       0x34 CMakeFiles/port.dir/Drivers/STM32L4xx_HAL_Driver/Src/stm32l4xx_hal_rcc.c.obj
 .ARM.attributes
                0x000001f6       0x34 CMakeFiles/port.dir/Drivers/STM32L4xx_HAL_Driver/Src/stm32l4xx_hal_rcc_ex.c.obj
 .ARM.attributes
                0x0000022a       0x34 CMakeFiles/port.dir/Drivers/STM32L4xx_HAL_Driver/Src/stm32l4xx_hal_gpio.c.obj
 .ARM.attributes
                0x0000025e       0x34 CMakeFiles/port.dir/Drivers/STM32L4xx_HAL_Driver/Src/stm32l4xx_hal_pwr_ex.c.obj
 .ARM.attributes
                0x00000292       0x34 CMakeFiles/port.dir/Drivers/STM32L4xx_HAL_Driver/Src/stm32l4xx_hal_cortex.c.obj
 .ARM.attributes
                0x000002c6       0x34 CMakeFiles/port.dir/Core/Src/system_stm32l4xx.c.obj
 .ARM.attributes
                0x000002fa       0x21 CMakeFiles/port.dir/startup_stm32l412xx.s.obj
 .ARM.attributes
                0x0000031b       0x22 /usr/lib/gcc/arm-none-eabi/12.2.1/thumb/v7e-m+fp/hard/libgcc.a(_aeabi_uldivmod.o)
 .ARM.attributes
                0x0000033d       0x34 /usr/lib/gcc/arm-none-eabi/12.2.1/thumb/v7e-m+fp/hard/libgcc.a(_udivmoddi4.o)
 .ARM.attributes
                0x00000371       0x22 /usr/lib/gcc/arm-none-eabi/12.2.1/thumb/v7e-m+fp/hard/libgcc.a(_dvmd_tls.o)
 .ARM.attributes
                0x00000393       0x34 /usr/lib/gcc/arm-none-eabi/12.2.1/thumb/v7e-m+fp/hard/crtend.o
 .ARM.attributes
                0x000003c7       0x22 /usr/lib/gcc/arm-none-eabi/12.2.1/thumb/v7e-m+fp/hard/crtn.o
OUTPUT(build/port.elf elf32-littlearm)
LOAD linker stubs
LOAD /usr/lib/gcc/arm-none-eabi/12.2.1/../../../arm-none-eabi/lib/thumb/v7e-m+fp/hard/libc.a
LOAD /usr/lib/gcc/arm-none-eabi/12.2.1/../../../arm-none-eabi/lib/thumb/v7e-m+fp/hard/libm.a
LOAD /usr/lib/gcc/arm-none-eabi/12.2.1/thumb/v7e-m+fp/hard/libgcc.a

.comment        0x00000000       0x59
 .comment       0x00000000       0x26 /usr/lib/gcc/arm-none-eabi/12.2.1/thumb/v7e-m+fp/hard/crtbegin.o
                                 0x27 (size before relaxing)
 .comment       0x00000026       0x33 /usr/lib/gcc/arm-none-eabi/12.2.1/../../../arm-none-eabi/lib/thumb/v7e-m+fp/hard/libc_nano.a(lib_a-init.o)
                                 0x34 (size before relaxing)
 .comment       0x00000059       0x34 /usr/lib/gcc/arm-none-eabi/12.2.1/../../../arm-none-eabi/lib/thumb/v7e-m+fp/hard/libc_nano.a(lib_a-memset.o)
 .comment       0x00000059       0x27 CMakeFiles/port.dir/Core/Src/main.c.obj
 .comment       0x00000059       0x27 CMakeFiles/port.dir/Core/Src/stm32l4xx_it.c.obj
 .comment       0x00000059       0x27 CMakeFiles/port.dir/Core/Src/stm32l4xx_hal_msp.c.obj
 .comment       0x00000059       0x27 CMakeFiles/port.dir/Drivers/STM32L4xx_HAL_Driver/Src/stm32l4xx_hal_uart.c.obj
 .comment       0x00000059       0x27 CMakeFiles/port.dir/Drivers/STM32L4xx_HAL_Driver/Src/stm32l4xx_hal.c.obj
 .comment       0x00000059       0x27 CMakeFiles/port.dir/Drivers/STM32L4xx_HAL_Driver/Src/stm32l4xx_hal_rcc.c.obj
 .comment       0x00000059       0x27 CMakeFiles/port.dir/Drivers/STM32L4xx_HAL_Driver/Src/stm32l4xx_hal_rcc_ex.c.obj
 .comment       0x00000059       0x27 CMakeFiles/port.dir/Drivers/STM32L4xx_HAL_Driver/Src/stm32l4xx_hal_gpio.c.obj
 .comment       0x00000059       0x27 CMakeFiles/port.dir/Drivers/STM32L4xx_HAL_Driver/Src/stm32l4xx_hal_pwr_ex.c.obj
 .comment       0x00000059       0x27 CMakeFiles/port.dir/Drivers/STM32L4xx_HAL_Driver/Src/stm32l4xx_hal_cortex.c.obj
 .comment       0x00000059       0x27 CMakeFiles/port.dir/Core/Src/system_stm32l4xx.c.obj
 .comment       0x00000059       0x27 /usr/lib/gcc/arm-none-eabi/12.2.1/thumb/v7e-m+fp/hard/libgcc.a(_udivmoddi4.o)
 .comment       0x00000059       0x27 /usr/lib/gcc/arm-none-eabi/12.2.1/thumb/v7e-m+fp/hard/crtend.o

.debug_info     0x00000000     0xa23e
 .debug_info    0x00000000      0x11a /usr/lib/gcc/arm-none-eabi/12.2.1/../../../arm-none-eabi/lib/thumb/v7e-m+fp/hard/libc_nano.a(lib_a-init.o)
 .debug_info    0x0000011a      0x137 /usr/lib/gcc/arm-none-eabi/12.2.1/../../../arm-none-eabi/lib/thumb/v7e-m+fp/hard/libc_nano.a(lib_a-memset.o)
 .debug_info    0x00000251      0xb74 CMakeFiles/port.dir/Core/Src/main.c.obj
 .debug_info    0x00000dc5      0x113 CMakeFiles/port.dir/Core/Src/stm32l4xx_it.c.obj
 .debug_info    0x00000ed8      0xba8 CMakeFiles/port.dir/Core/Src/stm32l4xx_hal_msp.c.obj
 .debug_info    0x00001a80     0x3b47 CMakeFiles/port.dir/Drivers/STM32L4xx_HAL_Driver/Src/stm32l4xx_hal_uart.c.obj
 .debug_info    0x000055c7      0x978 CMakeFiles/port.dir/Drivers/STM32L4xx_HAL_Driver/Src/stm32l4xx_hal.c.obj
 .debug_info    0x00005f3f      0xbbc CMakeFiles/port.dir/Drivers/STM32L4xx_HAL_Driver/Src/stm32l4xx_hal_rcc.c.obj
 .debug_info    0x00006afb      0xccc CMakeFiles/port.dir/Drivers/STM32L4xx_HAL_Driver/Src/stm32l4xx_hal_rcc_ex.c.obj
 .debug_info    0x000077c7      0x73f CMakeFiles/port.dir/Drivers/STM32L4xx_HAL_Driver/Src/stm32l4xx_hal_gpio.c.obj
 .debug_info    0x00007f06      0x950 CMakeFiles/port.dir/Drivers/STM32L4xx_HAL_Driver/Src/stm32l4xx_hal_pwr_ex.c.obj
 .debug_info    0x00008856      0xcc7 CMakeFiles/port.dir/Drivers/STM32L4xx_HAL_Driver/Src/stm32l4xx_hal_cortex.c.obj
 .debug_info    0x0000951d      0x5a5 CMakeFiles/port.dir/Core/Src/system_stm32l4xx.c.obj
 .debug_info    0x00009ac2       0x30 CMakeFiles/port.dir/startup_stm32l412xx.s.obj
 .debug_info    0x00009af2       0x24 /usr/lib/gcc/arm-none-eabi/12.2.1/thumb/v7e-m+fp/hard/libgcc.a(_aeabi_uldivmod.o)
 .debug_info    0x00009b16      0x6ef /usr/lib/gcc/arm-none-eabi/12.2.1/thumb/v7e-m+fp/hard/libgcc.a(_udivmoddi4.o)
 .debug_info    0x0000a205       0x39 /usr/lib/gcc/arm-none-eabi/12.2.1/thumb/v7e-m+fp/hard/libgcc.a(_dvmd_tls.o)

.debug_abbrev   0x00000000     0x19fa
 .debug_abbrev  0x00000000       0xcc /usr/lib/gcc/arm-none-eabi/12.2.1/../../../arm-none-eabi/lib/thumb/v7e-m+fp/hard/libc_nano.a(lib_a-init.o)
 .debug_abbrev  0x000000cc       0xb4 /usr/lib/gcc/arm-none-eabi/12.2.1/../../../arm-none-eabi/lib/thumb/v7e-m+fp/hard/libc_nano.a(lib_a-memset.o)
 .debug_abbrev  0x00000180      0x210 CMakeFiles/port.dir/Core/Src/main.c.obj
 .debug_abbrev  0x00000390       0x73 CMakeFiles/port.dir/Core/Src/stm32l4xx_it.c.obj
 .debug_abbrev  0x00000403      0x1d2 CMakeFiles/port.dir/Core/Src/stm32l4xx_hal_msp.c.obj
 .debug_abbrev  0x000005d5      0x2d0 CMakeFiles/port.dir/Drivers/STM32L4xx_HAL_Driver/Src/stm32l4xx_hal_uart.c.obj
 .debug_abbrev  0x000008a5      0x256 CMakeFiles/port.dir/Drivers/STM32L4xx_HAL_Driver/Src/stm32l4xx_hal.c.obj
 .debug_abbrev  0x00000afb      0x2d6 CMakeFiles/port.dir/Drivers/STM32L4xx_HAL_Driver/Src/stm32l4xx_hal_rcc.c.obj
 .debug_abbrev  0x00000dd1      0x26d CMakeFiles/port.dir/Drivers/STM32L4xx_HAL_Driver/Src/stm32l4xx_hal_rcc_ex.c.obj
 .debug_abbrev  0x0000103e      0x1cb CMakeFiles/port.dir/Drivers/STM32L4xx_HAL_Driver/Src/stm32l4xx_hal_gpio.c.obj
 .debug_abbrev  0x00001209      0x1f9 CMakeFiles/port.dir/Drivers/STM32L4xx_HAL_Driver/Src/stm32l4xx_hal_pwr_ex.c.obj
 .debug_abbrev  0x00001402      0x31c CMakeFiles/port.dir/Drivers/STM32L4xx_HAL_Driver/Src/stm32l4xx_hal_cortex.c.obj
 .debug_abbrev  0x0000171e      0x11b CMakeFiles/port.dir/Core/Src/system_stm32l4xx.c.obj
 .debug_abbrev  0x00001839       0x24 CMakeFiles/port.dir/startup_stm32l412xx.s.obj
 .debug_abbrev  0x0000185d       0x14 /usr/lib/gcc/arm-none-eabi/12.2.1/thumb/v7e-m+fp/hard/libgcc.a(_aeabi_uldivmod.o)
 .debug_abbrev  0x00001871      0x16a /usr/lib/gcc/arm-none-eabi/12.2.1/thumb/v7e-m+fp/hard/libgcc.a(_udivmoddi4.o)
 .debug_abbrev  0x000019db       0x1f /usr/lib/gcc/arm-none-eabi/12.2.1/thumb/v7e-m+fp/hard/libgcc.a(_dvmd_tls.o)

.debug_loc      0x00000000      0x2e6
 .debug_loc     0x00000000       0xba /usr/lib/gcc/arm-none-eabi/12.2.1/../../../arm-none-eabi/lib/thumb/v7e-m+fp/hard/libc_nano.a(lib_a-init.o)
 .debug_loc     0x000000ba      0x22c /usr/lib/gcc/arm-none-eabi/12.2.1/../../../arm-none-eabi/lib/thumb/v7e-m+fp/hard/libc_nano.a(lib_a-memset.o)

.debug_aranges  0x00000000      0x918
 .debug_aranges
                0x00000000       0x20 /usr/lib/gcc/arm-none-eabi/12.2.1/../../../arm-none-eabi/lib/thumb/v7e-m+fp/hard/libc_nano.a(lib_a-init.o)
 .debug_aranges
                0x00000020       0x20 /usr/lib/gcc/arm-none-eabi/12.2.1/../../../arm-none-eabi/lib/thumb/v7e-m+fp/hard/libc_nano.a(lib_a-memset.o)
 .debug_aranges
                0x00000040       0x40 CMakeFiles/port.dir/Core/Src/main.c.obj
 .debug_aranges
                0x00000080       0x60 CMakeFiles/port.dir/Core/Src/stm32l4xx_it.c.obj
 .debug_aranges
                0x000000e0       0x30 CMakeFiles/port.dir/Core/Src/stm32l4xx_hal_msp.c.obj
 .debug_aranges
                0x00000110      0x228 CMakeFiles/port.dir/Drivers/STM32L4xx_HAL_Driver/Src/stm32l4xx_hal_uart.c.obj
 .debug_aranges
                0x00000338      0x108 CMakeFiles/port.dir/Drivers/STM32L4xx_HAL_Driver/Src/stm32l4xx_hal.c.obj
 .debug_aranges
                0x00000440       0x90 CMakeFiles/port.dir/Drivers/STM32L4xx_HAL_Driver/Src/stm32l4xx_hal_rcc.c.obj
 .debug_aranges
                0x000004d0       0xd0 CMakeFiles/port.dir/Drivers/STM32L4xx_HAL_Driver/Src/stm32l4xx_hal_rcc_ex.c.obj
 .debug_aranges
                0x000005a0       0x58 CMakeFiles/port.dir/Drivers/STM32L4xx_HAL_Driver/Src/stm32l4xx_hal_gpio.c.obj
 .debug_aranges
                0x000005f8      0x148 CMakeFiles/port.dir/Drivers/STM32L4xx_HAL_Driver/Src/stm32l4xx_hal_pwr_ex.c.obj
 .debug_aranges
                0x00000740      0x128 CMakeFiles/port.dir/Drivers/STM32L4xx_HAL_Driver/Src/stm32l4xx_hal_cortex.c.obj
 .debug_aranges
                0x00000868       0x28 CMakeFiles/port.dir/Core/Src/system_stm32l4xx.c.obj
 .debug_aranges
                0x00000890       0x28 CMakeFiles/port.dir/startup_stm32l412xx.s.obj
 .debug_aranges
                0x000008b8       0x20 /usr/lib/gcc/arm-none-eabi/12.2.1/thumb/v7e-m+fp/hard/libgcc.a(_aeabi_uldivmod.o)
 .debug_aranges
                0x000008d8       0x20 /usr/lib/gcc/arm-none-eabi/12.2.1/thumb/v7e-m+fp/hard/libgcc.a(_udivmoddi4.o)
 .debug_aranges
                0x000008f8       0x20 /usr/lib/gcc/arm-none-eabi/12.2.1/thumb/v7e-m+fp/hard/libgcc.a(_dvmd_tls.o)

.debug_line     0x00000000     0x8a77
 .debug_line    0x00000000      0x138 /usr/lib/gcc/arm-none-eabi/12.2.1/../../../arm-none-eabi/lib/thumb/v7e-m+fp/hard/libc_nano.a(lib_a-init.o)
 .debug_line    0x00000138      0x1bf /usr/lib/gcc/arm-none-eabi/12.2.1/../../../arm-none-eabi/lib/thumb/v7e-m+fp/hard/libc_nano.a(lib_a-memset.o)
 .debug_line    0x000002f7      0x518 CMakeFiles/port.dir/Core/Src/main.c.obj
 .debug_line    0x0000080f      0x510 CMakeFiles/port.dir/Core/Src/stm32l4xx_it.c.obj
 .debug_line    0x00000d1f      0x4ad CMakeFiles/port.dir/Core/Src/stm32l4xx_hal_msp.c.obj
 .debug_line    0x000011cc     0x2f0d CMakeFiles/port.dir/Drivers/STM32L4xx_HAL_Driver/Src/stm32l4xx_hal_uart.c.obj
 .debug_line    0x000040d9      0x7b0 CMakeFiles/port.dir/Drivers/STM32L4xx_HAL_Driver/Src/stm32l4xx_hal.c.obj
 .debug_line    0x00004889      0xd47 CMakeFiles/port.dir/Drivers/STM32L4xx_HAL_Driver/Src/stm32l4xx_hal_rcc.c.obj
 .debug_line    0x000055d0      0xd1f CMakeFiles/port.dir/Drivers/STM32L4xx_HAL_Driver/Src/stm32l4xx_hal_rcc_ex.c.obj
 .debug_line    0x000062ef      0x866 CMakeFiles/port.dir/Drivers/STM32L4xx_HAL_Driver/Src/stm32l4xx_hal_gpio.c.obj
 .debug_line    0x00006b55      0x9a6 CMakeFiles/port.dir/Drivers/STM32L4xx_HAL_Driver/Src/stm32l4xx_hal_pwr_ex.c.obj
 .debug_line    0x000074fb      0xa0c CMakeFiles/port.dir/Drivers/STM32L4xx_HAL_Driver/Src/stm32l4xx_hal_cortex.c.obj
 .debug_line    0x00007f07      0x4e8 CMakeFiles/port.dir/Core/Src/system_stm32l4xx.c.obj
 .debug_line    0x000083ef       0x7a CMakeFiles/port.dir/startup_stm32l412xx.s.obj
 .debug_line    0x00008469       0x4e /usr/lib/gcc/arm-none-eabi/12.2.1/thumb/v7e-m+fp/hard/libgcc.a(_aeabi_uldivmod.o)
 .debug_line    0x000084b7      0x576 /usr/lib/gcc/arm-none-eabi/12.2.1/thumb/v7e-m+fp/hard/libgcc.a(_udivmoddi4.o)
 .debug_line    0x00008a2d       0x4a /usr/lib/gcc/arm-none-eabi/12.2.1/thumb/v7e-m+fp/hard/libgcc.a(_dvmd_tls.o)

.debug_str      0x00000000    0x9af99
 .debug_str     0x00000000      0x17b /usr/lib/gcc/arm-none-eabi/12.2.1/../../../arm-none-eabi/lib/thumb/v7e-m+fp/hard/libc_nano.a(lib_a-init.o)
                                0x20b (size before relaxing)
 .debug_str     0x0000017b       0xb1 /usr/lib/gcc/arm-none-eabi/12.2.1/../../../arm-none-eabi/lib/thumb/v7e-m+fp/hard/libc_nano.a(lib_a-memset.o)
                                0x1c0 (size before relaxing)
 .debug_str     0x0000022c    0x97eb4 CMakeFiles/port.dir/Core/Src/main.c.obj
                              0x981c8 (size before relaxing)
 .debug_str     0x000980e0       0xd5 CMakeFiles/port.dir/Core/Src/stm32l4xx_it.c.obj
                              0x97a50 (size before relaxing)
 .debug_str     0x000981b5      0x22c CMakeFiles/port.dir/Core/Src/stm32l4xx_hal_msp.c.obj
                              0x98160 (size before relaxing)
 .debug_str     0x000983e1      0x95f CMakeFiles/port.dir/Drivers/STM32L4xx_HAL_Driver/Src/stm32l4xx_hal_uart.c.obj
                              0x9890c (size before relaxing)
 .debug_str     0x00098d40      0x8e7 CMakeFiles/port.dir/Drivers/STM32L4xx_HAL_Driver/Src/stm32l4xx_hal.c.obj
                              0x9852e (size before relaxing)
 .debug_str     0x00099627      0x411 CMakeFiles/port.dir/Drivers/STM32L4xx_HAL_Driver/Src/stm32l4xx_hal_rcc.c.obj
                              0x981cb (size before relaxing)
 .debug_str     0x00099a38      0x51d CMakeFiles/port.dir/Drivers/STM32L4xx_HAL_Driver/Src/stm32l4xx_hal_rcc_ex.c.obj
                              0x9831c (size before relaxing)
 .debug_str     0x00099f55      0x124 CMakeFiles/port.dir/Drivers/STM32L4xx_HAL_Driver/Src/stm32l4xx_hal_gpio.c.obj
                              0x97d3d (size before relaxing)
 .debug_str     0x0009a079      0x4b2 CMakeFiles/port.dir/Drivers/STM32L4xx_HAL_Driver/Src/stm32l4xx_hal_pwr_ex.c.obj
                              0x980e6 (size before relaxing)
 .debug_str     0x0009a52b      0x37e CMakeFiles/port.dir/Drivers/STM32L4xx_HAL_Driver/Src/stm32l4xx_hal_cortex.c.obj
                              0x982ef (size before relaxing)
 .debug_str     0x0009a8a9       0x4c CMakeFiles/port.dir/Core/Src/system_stm32l4xx.c.obj
                              0x97bca (size before relaxing)
 .debug_str     0x0009a8f5       0x3f CMakeFiles/port.dir/startup_stm32l412xx.s.obj
                                 0x4e (size before relaxing)
 .debug_str     0x0009a934       0xa3 /usr/lib/gcc/arm-none-eabi/12.2.1/thumb/v7e-m+fp/hard/libgcc.a(_aeabi_uldivmod.o)
 .debug_str     0x0009a9d7      0x576 /usr/lib/gcc/arm-none-eabi/12.2.1/thumb/v7e-m+fp/hard/libgcc.a(_udivmoddi4.o)
                                0x676 (size before relaxing)
 .debug_str     0x0009af4d       0x4c /usr/lib/gcc/arm-none-eabi/12.2.1/thumb/v7e-m+fp/hard/libgcc.a(_dvmd_tls.o)
                                 0xc3 (size before relaxing)

.debug_frame    0x00000000     0x21c0
 .debug_frame   0x00000000       0x2c /usr/lib/gcc/arm-none-eabi/12.2.1/../../../arm-none-eabi/lib/thumb/v7e-m+fp/hard/libc_nano.a(lib_a-init.o)
 .debug_frame   0x0000002c       0x2c /usr/lib/gcc/arm-none-eabi/12.2.1/../../../arm-none-eabi/lib/thumb/v7e-m+fp/hard/libc_nano.a(lib_a-memset.o)
 .debug_frame   0x00000058       0xac CMakeFiles/port.dir/Core/Src/main.c.obj
 .debug_frame   0x00000104      0x104 CMakeFiles/port.dir/Core/Src/stm32l4xx_it.c.obj
 .debug_frame   0x00000208       0x80 CMakeFiles/port.dir/Core/Src/stm32l4xx_hal_msp.c.obj
 .debug_frame   0x00000288      0x9f4 CMakeFiles/port.dir/Drivers/STM32L4xx_HAL_Driver/Src/stm32l4xx_hal_uart.c.obj
 .debug_frame   0x00000c7c      0x3dc CMakeFiles/port.dir/Drivers/STM32L4xx_HAL_Driver/Src/stm32l4xx_hal.c.obj
 .debug_frame   0x00001058      0x21c CMakeFiles/port.dir/Drivers/STM32L4xx_HAL_Driver/Src/stm32l4xx_hal_rcc.c.obj
 .debug_frame   0x00001274      0x33c CMakeFiles/port.dir/Drivers/STM32L4xx_HAL_Driver/Src/stm32l4xx_hal_rcc_ex.c.obj
 .debug_frame   0x000015b0      0x14c CMakeFiles/port.dir/Drivers/STM32L4xx_HAL_Driver/Src/stm32l4xx_hal_gpio.c.obj
 .debug_frame   0x000016fc      0x524 CMakeFiles/port.dir/Drivers/STM32L4xx_HAL_Driver/Src/stm32l4xx_hal_pwr_ex.c.obj
 .debug_frame   0x00001c20      0x4e8 CMakeFiles/port.dir/Drivers/STM32L4xx_HAL_Driver/Src/stm32l4xx_hal_cortex.c.obj
 .debug_frame   0x00002108       0x58 CMakeFiles/port.dir/Core/Src/system_stm32l4xx.c.obj
 .debug_frame   0x00002160       0x2c /usr/lib/gcc/arm-none-eabi/12.2.1/thumb/v7e-m+fp/hard/libgcc.a(_aeabi_uldivmod.o)
 .debug_frame   0x0000218c       0x34 /usr/lib/gcc/arm-none-eabi/12.2.1/thumb/v7e-m+fp/hard/libgcc.a(_udivmoddi4.o)

.debug_rnglists
                0x00000000      0x703
 .debug_rnglists
                0x00000000       0x2c CMakeFiles/port.dir/Core/Src/main.c.obj
 .debug_rnglists
                0x0000002c       0x43 CMakeFiles/port.dir/Core/Src/stm32l4xx_it.c.obj
 .debug_rnglists
                0x0000006f       0x20 CMakeFiles/port.dir/Core/Src/stm32l4xx_hal_msp.c.obj
 .debug_rnglists
                0x0000008f      0x1db CMakeFiles/port.dir/Drivers/STM32L4xx_HAL_Driver/Src/stm32l4xx_hal_uart.c.obj
 .debug_rnglists
                0x0000026a       0xc1 CMakeFiles/port.dir/Drivers/STM32L4xx_HAL_Driver/Src/stm32l4xx_hal.c.obj
 .debug_rnglists
                0x0000032b       0x6d CMakeFiles/port.dir/Drivers/STM32L4xx_HAL_Driver/Src/stm32l4xx_hal_rcc.c.obj
 .debug_rnglists
                0x00000398       0x9f CMakeFiles/port.dir/Drivers/STM32L4xx_HAL_Driver/Src/stm32l4xx_hal_rcc_ex.c.obj
 .debug_rnglists
                0x00000437       0x3f CMakeFiles/port.dir/Drivers/STM32L4xx_HAL_Driver/Src/stm32l4xx_hal_gpio.c.obj
 .debug_rnglists
                0x00000476       0xf7 CMakeFiles/port.dir/Drivers/STM32L4xx_HAL_Driver/Src/stm32l4xx_hal_pwr_ex.c.obj
 .debug_rnglists
                0x0000056d       0xda CMakeFiles/port.dir/Drivers/STM32L4xx_HAL_Driver/Src/stm32l4xx_hal_cortex.c.obj
 .debug_rnglists
                0x00000647       0x1a CMakeFiles/port.dir/Core/Src/system_stm32l4xx.c.obj
 .debug_rnglists
                0x00000661       0x19 CMakeFiles/port.dir/startup_stm32l412xx.s.obj
 .debug_rnglists
                0x0000067a       0x89 /usr/lib/gcc/arm-none-eabi/12.2.1/thumb/v7e-m+fp/hard/libgcc.a(_udivmoddi4.o)

.debug_macro    0x00000000    0x18228
 .debug_macro   0x00000000      0x176 CMakeFiles/port.dir/Core/Src/main.c.obj
 .debug_macro   0x00000176      0xab4 CMakeFiles/port.dir/Core/Src/main.c.obj
 .debug_macro   0x00000c2a      0x1a1 CMakeFiles/port.dir/Core/Src/main.c.obj
 .debug_macro   0x00000dcb       0x2e CMakeFiles/port.dir/Core/Src/main.c.obj
 .debug_macro   0x00000df9       0x28 CMakeFiles/port.dir/Core/Src/main.c.obj
 .debug_macro   0x00000e21      0x34e CMakeFiles/port.dir/Core/Src/main.c.obj
 .debug_macro   0x0000116f       0x1c CMakeFiles/port.dir/Core/Src/main.c.obj
 .debug_macro   0x0000118b       0x22 CMakeFiles/port.dir/Core/Src/main.c.obj
 .debug_macro   0x000011ad       0xfb CMakeFiles/port.dir/Core/Src/main.c.obj
 .debug_macro   0x000012a8     0x1011 CMakeFiles/port.dir/Core/Src/main.c.obj
 .debug_macro   0x000022b9      0x11f CMakeFiles/port.dir/Core/Src/main.c.obj
 .debug_macro   0x000023d8     0xe4b1 CMakeFiles/port.dir/Core/Src/main.c.obj
 .debug_macro   0x00010889       0x6d CMakeFiles/port.dir/Core/Src/main.c.obj
 .debug_macro   0x000108f6     0x38f4 CMakeFiles/port.dir/Core/Src/main.c.obj
 .debug_macro   0x000141ea      0x189 CMakeFiles/port.dir/Core/Src/main.c.obj
 .debug_macro   0x00014373       0x5c CMakeFiles/port.dir/Core/Src/main.c.obj
 .debug_macro   0x000143cf     0x105e CMakeFiles/port.dir/Core/Src/main.c.obj
 .debug_macro   0x0001542d      0x49b CMakeFiles/port.dir/Core/Src/main.c.obj
 .debug_macro   0x000158c8      0x1b9 CMakeFiles/port.dir/Core/Src/main.c.obj
 .debug_macro   0x00015a81       0xd7 CMakeFiles/port.dir/Core/Src/main.c.obj
 .debug_macro   0x00015b58      0x26b CMakeFiles/port.dir/Core/Src/main.c.obj
 .debug_macro   0x00015dc3      0x23d CMakeFiles/port.dir/Core/Src/main.c.obj
 .debug_macro   0x00016000      0x21c CMakeFiles/port.dir/Core/Src/main.c.obj
 .debug_macro   0x0001621c      0x375 CMakeFiles/port.dir/Core/Src/main.c.obj
 .debug_macro   0x00016591       0xd6 CMakeFiles/port.dir/Core/Src/main.c.obj
 .debug_macro   0x00016667      0x122 CMakeFiles/port.dir/Core/Src/main.c.obj
 .debug_macro   0x00016789      0x364 CMakeFiles/port.dir/Core/Src/main.c.obj
 .debug_macro   0x00016aed      0x5cf CMakeFiles/port.dir/Core/Src/main.c.obj
 .debug_macro   0x000170bc       0x44 CMakeFiles/port.dir/Core/Src/main.c.obj
 .debug_macro   0x00017100      0x220 CMakeFiles/port.dir/Core/Src/main.c.obj
 .debug_macro   0x00017320      0x176 CMakeFiles/port.dir/Core/Src/stm32l4xx_it.c.obj
 .debug_macro   0x00017496      0x16c CMakeFiles/port.dir/Core/Src/stm32l4xx_hal_msp.c.obj
 .debug_macro   0x00017602      0x18d CMakeFiles/port.dir/Drivers/STM32L4xx_HAL_Driver/Src/stm32l4xx_hal_uart.c.obj
 .debug_macro   0x0001778f      0x1aa CMakeFiles/port.dir/Drivers/STM32L4xx_HAL_Driver/Src/stm32l4xx_hal.c.obj
 .debug_macro   0x00017939      0x1a4 CMakeFiles/port.dir/Drivers/STM32L4xx_HAL_Driver/Src/stm32l4xx_hal_rcc.c.obj
 .debug_macro   0x00017add      0x198 CMakeFiles/port.dir/Drivers/STM32L4xx_HAL_Driver/Src/stm32l4xx_hal_rcc_ex.c.obj
 .debug_macro   0x00017c75      0x169 CMakeFiles/port.dir/Drivers/STM32L4xx_HAL_Driver/Src/stm32l4xx_hal_gpio.c.obj
 .debug_macro   0x00017dde      0x186 CMakeFiles/port.dir/Drivers/STM32L4xx_HAL_Driver/Src/stm32l4xx_hal_pwr_ex.c.obj
 .debug_macro   0x00017f64      0x162 CMakeFiles/port.dir/Drivers/STM32L4xx_HAL_Driver/Src/stm32l4xx_hal_cortex.c.obj
 .debug_macro   0x000180c6      0x162 CMakeFiles/port.dir/Core/Src/system_stm32l4xx.c.obj

.debug_line_str
                0x00000000       0xc8
 .debug_line_str
                0x00000000       0x25 CMakeFiles/port.dir/startup_stm32l412xx.s.obj
                                 0x34 (size before relaxing)
 .debug_line_str
                0x00000025       0x97 /usr/lib/gcc/arm-none-eabi/12.2.1/thumb/v7e-m+fp/hard/libgcc.a(_aeabi_uldivmod.o)
 .debug_line_str
                0x000000bc        0xc /usr/lib/gcc/arm-none-eabi/12.2.1/thumb/v7e-m+fp/hard/libgcc.a(_dvmd_tls.o)
                                 0x9b (size before relaxing)

.debug_loclists
                0x00000000      0x993
 .debug_loclists
                0x00000000      0x993 /usr/lib/gcc/arm-none-eabi/12.2.1/thumb/v7e-m+fp/hard/libgcc.a(_udivmoddi4.o)
